JSON file from nDPI not found: .\test\Trenitalia\Trenitalia_01_pcapandroid.json